// Jest Snapshot v1, https://goo.gl/fbAQLP

exports[`Login matches snapshot 1`] = `
<div
  className="sc-bdVaJa iWVRXg"
>
  <div
    className="sc-bZQynM jqGHpP"
  >
    <img
      className="sc-htpNat gzCWOC"
      src="logo.jpeg"
    />
    <h2
      className="sc-bxivhb hNGEvG"
    >
      myPickle
    </h2>
  </div>
  <form>
    <input
      className="sc-bwzfXH iacHUY"
      name="email"
      onChange={[Function]}
      placeholder="Your Email"
      type="email"
      value=""
    />
    <br />
    <input
      className="sc-bwzfXH iacHUY"
      name="password"
      onChange={[Function]}
      placeholder="Password"
      type="password"
      value=""
    />
    <br />
  </form>
  <br />
  <button
    className="sc-ifAKCX kOzbzu"
    onClick={[Function]}
  >
    Login
  </button>
  <h2
    className="sc-EHOje hJuYqK"
    onClick={[Function]}
  >
    Create new acccount!
  </h2>
</div>
`;
