// Jest Snapshot v1, https://goo.gl/fbAQLP

exports[`AboutmyPikle matches snapshot 1`] = `
<div
  className="sc-bdVaJa eFPZsD"
>
  <h2
    className="sc-bwzfXH kCppBb"
  >
    About My Pickle
  </h2>
  <div
    className="sc-bxivhb IZFgF"
  >
    <h4>
      We make finding support easy. As an independent nonprofit community support network, we offer:
    </h4>
    <h4>
      We make finding support easy.
    </h4>
    <h4>
      As an independent nonprofit community support network, we offer:
    </h4>
    <li
      className="sc-htpNat list f5 pl0 KtFsv"
    >
      <p>
        Simplicity – Expertly designed for great user experience
      </p>
      <p>
        Community – Share & find advice & stories
      </p>
      <p>
        Variety – Search public, private, charities & community services
      </p>
    </li>
    <h4>
      And we give back. All our profits are donated to improve access to services.
    </h4>
  </div>
  <a
    className="sc-EHOje cwviPy"
    href="mailto:cat@mypickle.org"
  >
    Click here to contact us and find out more
  </a>
</div>
`;
