// Jest Snapshot v1, https://goo.gl/fbAQLP

exports[`AboutmyPikle matches snapshot 1`] = `
<div
  className="sc-bdVaJa csHzmu"
>
  <h3
    className="sc-bwzfXH gJIwTT"
  >
    My Pickle
  </h3>
  <div
    className="sc-htpNat bCibYJ"
  >
    <h5>
      WE STAND FOR WORLDWIDE WELLNESS
    </h5>
    <h5>
      We want people to be better supported.
    </h5>
    <h5>
      We care about access to services.
    </h5>
  </div>
  <p
    className="sc-bxivhb jHwmyZ"
  >
    Find health & wellbeing support that’s right for you. Be supported and have a better life. Feel happier, stronger and healthier.
  </p>
  <a
    className="sc-ifAKCX bUBbrR"
    href="mailto:cat@mypickle.org"
  >
    Click here to contact us and find out more
  </a>
</div>
`;
